[2hfvdkaew6rhyv40.vercel.app/index.html]
[2hfvdkaew6rhyv40.vercel.app/_next/static/media/a34f9d1faa5f3315-s.p.woff2]
[2hfvdkaew6rhyv40.vercel.app/_next/static/css/6822b0e4c7a8b757.css]
[2hfvdkaew6rhyv40.vercel.app/_next/static/chunks/webpack-41a9ee0a1d65a3d2.js]
[2hfvdkaew6rhyv40.vercel.app/_next/static/chunks/fd9d1056-7d9b70e9456442b8.js]
[2hfvdkaew6rhyv40.vercel.app/_next/static/chunks/117-7f1f66425f93fa32.js]
[2hfvdkaew6rhyv40.vercel.app/_next/static/chunks/main-app-b840e258ff6945a0.js]
[2hfvdkaew6rhyv40.vercel.app/_next/static/chunks/870fdd6f-a7f16c0933767cd3.js]
[2hfvdkaew6rhyv40.vercel.app/_next/static/chunks/69b09407-1d6e951c5773465f.js]
[2hfvdkaew6rhyv40.vercel.app/_next/static/chunks/566-e5ce2ff0fd3de5da.js]
[backblue.gif]
[fade.gif]
[index.html]
[2hfvdkaew6rhyv40.vercel.app/_next/static/chunks/app/page-ed8304adedee7bf0.js]
[2hfvdkaew6rhyv40.vercel.app/_next/static/chunks/polyfills-42372ed130431b0a.js]
[2hfvdkaew6rhyv40.vercel.app/index.html]
[2hfvdkaew6rhyv40.vercel.app/placeholder27cd.svg]
[2hfvdkaew6rhyv40.vercel.app/_next/static/media/55c55f0601d81cf3-s.woff2]
[2hfvdkaew6rhyv40.vercel.app/_next/static/media/26a46d62cd723877-s.woff2]
[2hfvdkaew6rhyv40.vercel.app/_next/static/media/97e0cb1ae144a2a9-s.woff2]
[2hfvdkaew6rhyv40.vercel.app/_next/static/media/581909926a08bbc8-s.woff2]
[2hfvdkaew6rhyv40.vercel.app/_next/static/media/df0a9ae256c0569c-s.woff2]
[2hfvdkaew6rhyv40.vercel.app/_next/static/media/6d93bde91c0c2823-s.woff2]
[2hfvdkaew6rhyv40.vercel.app/_next/static/css/6822b0e4c7a8b757.css]
[2hfvdkaew6rhyv40.vercel.app/placeholder27cd.svg]
